=== start 2026-07-26T14:48:15-05:00 ===
ok   status-full      a-files-100      datalad-1_6_1  rep0     0.90s
ok   status-full      a-files-100      datalad-1_6_1  rep1     0.85s
ok   status-full      a-files-100      datalad-1_6_1  rep2     0.87s
ok   status-commit    a-files-100      datalad-1_6_1  rep0     0.37s
ok   status-commit    a-files-100      datalad-1_6_1  rep1     0.32s
ok   status-commit    a-files-100      datalad-1_6_1  rep2     0.38s
ok   status-full      a-files-400      datalad-1_6_1  rep0     0.99s
ok   status-full      a-files-400      datalad-1_6_1  rep1     0.99s
ok   status-full      a-files-400      datalad-1_6_1  rep2     0.99s
ok   status-commit    a-files-400      datalad-1_6_1  rep0     0.41s
ok   status-commit    a-files-400      datalad-1_6_1  rep1     0.40s
ok   status-commit    a-files-400      datalad-1_6_1  rep2     0.38s
ok   status-full      a-files-1600     datalad-1_6_1  rep0     1.38s
ok   status-full      a-files-1600     datalad-1_6_1  rep1     1.57s
ok   status-full      a-files-1600     datalad-1_6_1  rep2     1.51s
ok   status-commit    a-files-1600     datalad-1_6_1  rep0     0.51s
ok   status-commit    a-files-1600     datalad-1_6_1  rep1     0.51s
ok   status-commit    a-files-1600     datalad-1_6_1  rep2     0.47s
ok   status-full      a-files-6400     datalad-1_6_1  rep0     3.47s
ok   status-full      a-files-6400     datalad-1_6_1  rep1     3.35s
ok   status-full      a-files-6400     datalad-1_6_1  rep2     3.18s
ok   status-commit    a-files-6400     datalad-1_6_1  rep0     0.79s
ok   status-commit    a-files-6400     datalad-1_6_1  rep1     0.85s
ok   status-commit    a-files-6400     datalad-1_6_1  rep2     0.79s
ok   status-full      b-ds-3           datalad-1_6_1  rep0     0.44s
ok   status-full      b-ds-3           datalad-1_6_1  rep1     0.47s
ok   status-full      b-ds-3           datalad-1_6_1  rep2     0.49s
ok   status-commit    b-ds-3           datalad-1_6_1  rep0     0.44s
ok   status-commit    b-ds-3           datalad-1_6_1  rep1     0.32s
ok   status-commit    b-ds-3           datalad-1_6_1  rep2     0.39s
ok   status-full      b-ds-7           datalad-1_6_1  rep0     0.93s
ok   status-full      b-ds-7           datalad-1_6_1  rep1     0.90s
ok   status-full      b-ds-7           datalad-1_6_1  rep2     0.85s
ok   status-commit    b-ds-7           datalad-1_6_1  rep0     0.34s
ok   status-commit    b-ds-7           datalad-1_6_1  rep1     0.35s
ok   status-commit    b-ds-7           datalad-1_6_1  rep2     0.33s
ok   status-full      b-ds-15          datalad-1_6_1  rep0     1.39s
ok   status-full      b-ds-15          datalad-1_6_1  rep1     1.38s
ok   status-full      b-ds-15          datalad-1_6_1  rep2     1.41s
ok   status-commit    b-ds-15          datalad-1_6_1  rep0     0.42s
ok   status-commit    b-ds-15          datalad-1_6_1  rep1     0.33s
ok   status-commit    b-ds-15          datalad-1_6_1  rep2     0.33s
ok   status-full      b-ds-31          datalad-1_6_1  rep0     2.50s
ok   status-full      b-ds-31          datalad-1_6_1  rep1     2.62s
ok   status-full      b-ds-31          datalad-1_6_1  rep2     2.72s
ok   status-commit    b-ds-31          datalad-1_6_1  rep0     0.37s
ok   status-commit    b-ds-31          datalad-1_6_1  rep1     0.38s
ok   status-commit    b-ds-31          datalad-1_6_1  rep2     0.37s
ok   status-full      c-deep-3x2       datalad-1_6_1  rep0     1.50s
ok   status-full      c-deep-3x2       datalad-1_6_1  rep1     1.37s
ok   status-full      c-deep-3x2       datalad-1_6_1  rep2     1.47s
ok   status-commit    c-deep-3x2       datalad-1_6_1  rep0     0.31s
ok   status-commit    c-deep-3x2       datalad-1_6_1  rep1     0.39s
ok   status-commit    c-deep-3x2       datalad-1_6_1  rep2     0.32s
ok   status-full      c-chain-14       datalad-1_6_1  rep0     1.92s
ok   status-full      c-chain-14       datalad-1_6_1  rep1     1.50s
ok   status-full      c-chain-14       datalad-1_6_1  rep2     1.53s
ok   status-commit    c-chain-14       datalad-1_6_1  rep0     0.40s
ok   status-commit    c-chain-14       datalad-1_6_1  rep1     0.27s
ok   status-commit    c-chain-14       datalad-1_6_1  rep2     0.28s
ok   status-full      d-bigfiles       datalad-1_6_1  rep0     1.53s
ok   status-full      d-bigfiles       datalad-1_6_1  rep1     1.37s
ok   status-full      d-bigfiles       datalad-1_6_1  rep2     1.40s
ok   status-commit    d-bigfiles       datalad-1_6_1  rep0     0.49s
ok   status-commit    d-bigfiles       datalad-1_6_1  rep1     0.58s
ok   status-commit    d-bigfiles       datalad-1_6_1  rep2     0.46s
ok   status-full      e-gitfiles       datalad-1_6_1  rep0    34.23s
ok   status-full      e-gitfiles       datalad-1_6_1  rep1    32.38s
ok   status-full      e-gitfiles       datalad-1_6_1  rep2    33.94s
ok   status-commit    e-gitfiles       datalad-1_6_1  rep0     6.09s
ok   status-commit    e-gitfiles       datalad-1_6_1  rep1     6.14s
ok   status-commit    e-gitfiles       datalad-1_6_1  rep2     5.77s
ok   status-full      f-git-100        datalad-1_6_1  rep0     3.50s
ok   status-full      f-git-100        datalad-1_6_1  rep1     3.35s
ok   status-full      f-git-100        datalad-1_6_1  rep2     2.81s
ok   status-commit    f-git-100        datalad-1_6_1  rep0     0.29s
ok   status-commit    f-git-100        datalad-1_6_1  rep1     0.28s
ok   status-commit    f-git-100        datalad-1_6_1  rep2     0.28s
ok   status-full      f-git-400        datalad-1_6_1  rep0     8.51s
ok   status-full      f-git-400        datalad-1_6_1  rep1     8.43s
ok   status-full      f-git-400        datalad-1_6_1  rep2     8.09s
ok   status-commit    f-git-400        datalad-1_6_1  rep0     1.64s
ok   status-commit    f-git-400        datalad-1_6_1  rep1     1.60s
ok   status-commit    f-git-400        datalad-1_6_1  rep2     0.28s
ok   status-full      f-git-800        datalad-1_6_1  rep0    16.63s
ok   status-full      f-git-800        datalad-1_6_1  rep1    21.02s
ok   status-full      f-git-800        datalad-1_6_1  rep2    17.73s
ok   status-commit    f-git-800        datalad-1_6_1  rep0     0.31s
ok   status-commit    f-git-800        datalad-1_6_1  rep1     3.27s
ok   status-commit    f-git-800        datalad-1_6_1  rep2     3.34s

records in /home/austin/.cache/ladometer-scaling/runs
=== end 2026-07-26T14:59:18-05:00 exit=0 ===
