start 2026-07-26T14:48:15-05:00 loadavg 0.66 0.86 0.94 11/2083 3628405
2026-07-26T14:48:15-05:00 0.66 0.86 0.94 7/2086 3628410
2026-07-26T14:48:45-05:00 1.12 0.95 0.97 7/2108 3638287
2026-07-26T14:49:15-05:00 1.26 1.00 0.99 4/2110 3647007
2026-07-26T14:49:45-05:00 1.50 1.08 1.01 2/2093 3653984
2026-07-26T14:50:15-05:00 1.43 1.11 1.02 3/2073 3659378
2026-07-26T14:50:45-05:00 1.60 1.18 1.05 2/2093 3667980
2026-07-26T14:51:15-05:00 1.34 1.16 1.04 3/2097 3680841
2026-07-26T14:51:45-05:00 1.24 1.16 1.05 5/2145 3694888
2026-07-26T14:52:15-05:00 1.22 1.16 1.05 3/2108 3709170
2026-07-26T14:52:45-05:00 1.05 1.12 1.04 3/2113 3722453
2026-07-26T14:53:15-05:00 1.30 1.18 1.06 4/2115 3735260
2026-07-26T14:53:45-05:00 1.40 1.22 1.08 2/2097 3746845
2026-07-26T14:54:15-05:00 1.41 1.24 1.09 3/2068 3755748
2026-07-26T14:54:45-05:00 1.44 1.27 1.11 2/2113 3764452
2026-07-26T14:55:15-05:00 1.14 1.21 1.09 3/2147 3773649
2026-07-26T14:55:45-05:00 1.14 1.20 1.09 2/2147 3782426
2026-07-26T14:56:15-05:00 1.01 1.17 1.08 3/2112 3791378
2026-07-26T14:56:45-05:00 1.97 1.40 1.16 3/2115 3800231
2026-07-26T14:57:15-05:00 1.89 1.44 1.19 3/2113 3810578
2026-07-26T14:57:45-05:00 1.95 1.50 1.21 2/2143 3819903
2026-07-26T14:58:15-05:00 1.74 1.49 1.22 3/2100 3829361
2026-07-26T14:58:45-05:00 2.12 1.61 1.27 3/2119 3838439
2026-07-26T14:59:15-05:00 1.80 1.59 1.27 4/2122 3847301
end 2026-07-26T14:59:18-05:00 loadavg 1.90 1.62 1.28 2/2101 3848066 exit=0
